FIM 0
INCOMPLETO
1 1
FIM 6
1 1
FIM 4
1 1
FIM 4
1 1
FIM 4
INCOMPLETO
INCOMPLETO
1 1
FIM 12
1 1
FIM 1
1 1
1 1
1 1
1 0
2 0
INCOMPLETO
1 1
FIM 2
1 1
1 1
1 0
2 0
INCOMPLETO
1 1
2 1
2 0
1 0
FIM 10
1 1
1 1
2 1
2 0
1 0
INCOMPLETO
1 3
1 2
1 1
1 0
FIM 13
INCOMPLETO
1 0
FIM 5
1 0
FIM 15
1 1
FIM 6
1 1
FIM 6
1 1
FIM 6
1 1
FIM 6
1 1
FIM 10
INCOMPLETO
1 1
FIM 2
1 1
FIM 2
INCOMPLETO
1 0
1 2
1 3
FIM 12
1 0
1 2
1 3
FIM 6
1 0
1 0
1 2
1 3
INCOMPLETO
1 1
FIM 7
1 1
FIM 2
1 1
FIM 2
INCOMPLETO
INCOMPLETO
INCOMPLETO
